Archive member included because of file (symbol)

e:/courses/embedded system/imt/01- imt sdk-20221125t015400z-001/01- imt sdk/imt_sdk_win_64/imt_sdk_win_64/winavr/bin/../lib/gcc/avr/4.3.3/avr5\libgcc.a(_udivmodhi4.o)
                              ./HAL/CLCD/CLCD_program.o (__udivmodhi4)
e:/courses/embedded system/imt/01- imt sdk-20221125t015400z-001/01- imt sdk/imt_sdk_win_64/imt_sdk_win_64/winavr/bin/../lib/gcc/avr/4.3.3/avr5\libgcc.a(_exit.o)
                              e:/courses/embedded system/imt/01- imt sdk-20221125t015400z-001/01- imt sdk/imt_sdk_win_64/imt_sdk_win_64/winavr/bin/../lib/gcc/avr/4.3.3/../../../../avr/lib/avr5/crtm32.o (exit)
e:/courses/embedded system/imt/01- imt sdk-20221125t015400z-001/01- imt sdk/imt_sdk_win_64/imt_sdk_win_64/winavr/bin/../lib/gcc/avr/4.3.3/avr5\libgcc.a(_copy_data.o)
                              ./HAL/KPD/KPD_program.o (__do_copy_data)
e:/courses/embedded system/imt/01- imt sdk-20221125t015400z-001/01- imt sdk/imt_sdk_win_64/imt_sdk_win_64/winavr/bin/../lib/gcc/avr/4.3.3/avr5\libgcc.a(_clear_bss.o)
                              ./MCAL/TIMER/TIMER_program.o (__do_clear_bss)
e:/courses/embedded system/imt/01- imt sdk-20221125t015400z-001/01- imt sdk/imt_sdk_win_64/imt_sdk_win_64/winavr/bin/../lib/gcc/avr/4.3.3/avr5\libgcc.a(_fixunssfsi.o)
                              ./HAL/CLCD/CLCD_program.o (__fixunssfsi)
e:/courses/embedded system/imt/01- imt sdk-20221125t015400z-001/01- imt sdk/imt_sdk_win_64/imt_sdk_win_64/winavr/bin/../lib/gcc/avr/4.3.3/avr5\libgcc.a(_addsub_sf.o)
                              e:/courses/embedded system/imt/01- imt sdk-20221125t015400z-001/01- imt sdk/imt_sdk_win_64/imt_sdk_win_64/winavr/bin/../lib/gcc/avr/4.3.3/avr5\libgcc.a(_fixunssfsi.o) (__subsf3)
e:/courses/embedded system/imt/01- imt sdk-20221125t015400z-001/01- imt sdk/imt_sdk_win_64/imt_sdk_win_64/winavr/bin/../lib/gcc/avr/4.3.3/avr5\libgcc.a(_mul_sf.o)
                              ./HAL/CLCD/CLCD_program.o (__mulsf3)
e:/courses/embedded system/imt/01- imt sdk-20221125t015400z-001/01- imt sdk/imt_sdk_win_64/imt_sdk_win_64/winavr/bin/../lib/gcc/avr/4.3.3/avr5\libgcc.a(_div_sf.o)
                              ./HAL/CAR/CAR_program.o (__divsf3)
e:/courses/embedded system/imt/01- imt sdk-20221125t015400z-001/01- imt sdk/imt_sdk_win_64/imt_sdk_win_64/winavr/bin/../lib/gcc/avr/4.3.3/avr5\libgcc.a(_gt_sf.o)
                              ./HAL/CLCD/CLCD_program.o (__gtsf2)
e:/courses/embedded system/imt/01- imt sdk-20221125t015400z-001/01- imt sdk/imt_sdk_win_64/imt_sdk_win_64/winavr/bin/../lib/gcc/avr/4.3.3/avr5\libgcc.a(_ge_sf.o)
                              e:/courses/embedded system/imt/01- imt sdk-20221125t015400z-001/01- imt sdk/imt_sdk_win_64/imt_sdk_win_64/winavr/bin/../lib/gcc/avr/4.3.3/avr5\libgcc.a(_fixunssfsi.o) (__gesf2)
e:/courses/embedded system/imt/01- imt sdk-20221125t015400z-001/01- imt sdk/imt_sdk_win_64/imt_sdk_win_64/winavr/bin/../lib/gcc/avr/4.3.3/avr5\libgcc.a(_lt_sf.o)
                              ./HAL/CLCD/CLCD_program.o (__ltsf2)
e:/courses/embedded system/imt/01- imt sdk-20221125t015400z-001/01- imt sdk/imt_sdk_win_64/imt_sdk_win_64/winavr/bin/../lib/gcc/avr/4.3.3/avr5\libgcc.a(_sf_to_si.o)
                              e:/courses/embedded system/imt/01- imt sdk-20221125t015400z-001/01- imt sdk/imt_sdk_win_64/imt_sdk_win_64/winavr/bin/../lib/gcc/avr/4.3.3/avr5\libgcc.a(_fixunssfsi.o) (__fixsfsi)
e:/courses/embedded system/imt/01- imt sdk-20221125t015400z-001/01- imt sdk/imt_sdk_win_64/imt_sdk_win_64/winavr/bin/../lib/gcc/avr/4.3.3/avr5\libgcc.a(_thenan_sf.o)
                              e:/courses/embedded system/imt/01- imt sdk-20221125t015400z-001/01- imt sdk/imt_sdk_win_64/imt_sdk_win_64/winavr/bin/../lib/gcc/avr/4.3.3/avr5\libgcc.a(_addsub_sf.o) (__thenan_sf)
e:/courses/embedded system/imt/01- imt sdk-20221125t015400z-001/01- imt sdk/imt_sdk_win_64/imt_sdk_win_64/winavr/bin/../lib/gcc/avr/4.3.3/avr5\libgcc.a(_usi_to_sf.o)
                              ./HAL/CAR/CAR_program.o (__floatunsisf)
e:/courses/embedded system/imt/01- imt sdk-20221125t015400z-001/01- imt sdk/imt_sdk_win_64/imt_sdk_win_64/winavr/bin/../lib/gcc/avr/4.3.3/avr5\libgcc.a(_prologue.o)
                              e:/courses/embedded system/imt/01- imt sdk-20221125t015400z-001/01- imt sdk/imt_sdk_win_64/imt_sdk_win_64/winavr/bin/../lib/gcc/avr/4.3.3/avr5\libgcc.a(_addsub_sf.o) (__prologue_saves__)
e:/courses/embedded system/imt/01- imt sdk-20221125t015400z-001/01- imt sdk/imt_sdk_win_64/imt_sdk_win_64/winavr/bin/../lib/gcc/avr/4.3.3/avr5\libgcc.a(_epilogue.o)
                              e:/courses/embedded system/imt/01- imt sdk-20221125t015400z-001/01- imt sdk/imt_sdk_win_64/imt_sdk_win_64/winavr/bin/../lib/gcc/avr/4.3.3/avr5\libgcc.a(_addsub_sf.o) (__epilogue_restores__)
e:/courses/embedded system/imt/01- imt sdk-20221125t015400z-001/01- imt sdk/imt_sdk_win_64/imt_sdk_win_64/winavr/bin/../lib/gcc/avr/4.3.3/avr5\libgcc.a(_clzsi2.o)
                              e:/courses/embedded system/imt/01- imt sdk-20221125t015400z-001/01- imt sdk/imt_sdk_win_64/imt_sdk_win_64/winavr/bin/../lib/gcc/avr/4.3.3/avr5\libgcc.a(_usi_to_sf.o) (__clzsi2)
e:/courses/embedded system/imt/01- imt sdk-20221125t015400z-001/01- imt sdk/imt_sdk_win_64/imt_sdk_win_64/winavr/bin/../lib/gcc/avr/4.3.3/avr5\libgcc.a(_pack_sf.o)
                              e:/courses/embedded system/imt/01- imt sdk-20221125t015400z-001/01- imt sdk/imt_sdk_win_64/imt_sdk_win_64/winavr/bin/../lib/gcc/avr/4.3.3/avr5\libgcc.a(_addsub_sf.o) (__pack_f)
e:/courses/embedded system/imt/01- imt sdk-20221125t015400z-001/01- imt sdk/imt_sdk_win_64/imt_sdk_win_64/winavr/bin/../lib/gcc/avr/4.3.3/avr5\libgcc.a(_unpack_sf.o)
                              e:/courses/embedded system/imt/01- imt sdk-20221125t015400z-001/01- imt sdk/imt_sdk_win_64/imt_sdk_win_64/winavr/bin/../lib/gcc/avr/4.3.3/avr5\libgcc.a(_addsub_sf.o) (__unpack_f)
e:/courses/embedded system/imt/01- imt sdk-20221125t015400z-001/01- imt sdk/imt_sdk_win_64/imt_sdk_win_64/winavr/bin/../lib/gcc/avr/4.3.3/avr5\libgcc.a(_fpcmp_parts_sf.o)
                              e:/courses/embedded system/imt/01- imt sdk-20221125t015400z-001/01- imt sdk/imt_sdk_win_64/imt_sdk_win_64/winavr/bin/../lib/gcc/avr/4.3.3/avr5\libgcc.a(_gt_sf.o) (__fpcmp_parts_f)
e:/courses/embedded system/imt/01- imt sdk-20221125t015400z-001/01- imt sdk/imt_sdk_win_64/imt_sdk_win_64/winavr/bin/../lib/gcc/avr/4.3.3/avr5\libgcc.a(_clz.o)
                              e:/courses/embedded system/imt/01- imt sdk-20221125t015400z-001/01- imt sdk/imt_sdk_win_64/imt_sdk_win_64/winavr/bin/../lib/gcc/avr/4.3.3/avr5\libgcc.a(_clzsi2.o) (__clz_tab)

Memory Configuration

Name             Origin             Length             Attributes
text             0x00000000         0x00020000         xr
data             0x00800060         0x0000ffa0         rw !x
eeprom           0x00810000         0x00010000         rw !x
fuse             0x00820000         0x00000400         rw !x
lock             0x00830000         0x00000400         rw !x
signature        0x00840000         0x00000400         rw !x
*default*        0x00000000         0xffffffff

Linker script and memory map

LOAD e:/courses/embedded system/imt/01- imt sdk-20221125t015400z-001/01- imt sdk/imt_sdk_win_64/imt_sdk_win_64/winavr/bin/../lib/gcc/avr/4.3.3/../../../../avr/lib/avr5/crtm32.o
LOAD ./MCAL/TIMER/TIMER_program.o
LOAD ./MCAL/PORT/PORT_program.o
LOAD ./MCAL/GIE/GIE_program.o
LOAD ./MCAL/DIO/DIO_program.o
LOAD ./HAL/KPD/KPD_program.o
LOAD ./HAL/CLCD/CLCD_program.o
LOAD ./HAL/CAR/CAR_program.o
LOAD ./APP/main.o
LOAD e:/courses/embedded system/imt/01- imt sdk-20221125t015400z-001/01- imt sdk/imt_sdk_win_64/imt_sdk_win_64/winavr/bin/../lib/gcc/avr/4.3.3/avr5\libgcc.a
LOAD e:/courses/embedded system/imt/01- imt sdk-20221125t015400z-001/01- imt sdk/imt_sdk_win_64/imt_sdk_win_64/winavr/bin/../lib/gcc/avr/4.3.3/../../../../avr/lib/avr5\libc.a
LOAD e:/courses/embedded system/imt/01- imt sdk-20221125t015400z-001/01- imt sdk/imt_sdk_win_64/imt_sdk_win_64/winavr/bin/../lib/gcc/avr/4.3.3/avr5\libgcc.a

.hash
 *(.hash)

.dynsym
 *(.dynsym)

.dynstr
 *(.dynstr)

.gnu.version
 *(.gnu.version)

.gnu.version_d
 *(.gnu.version_d)

.gnu.version_r
 *(.gnu.version_r)

.rel.init
 *(.rel.init)

.rela.init
 *(.rela.init)

.rel.text
 *(.rel.text)
 *(.rel.text.*)
 *(.rel.gnu.linkonce.t*)

.rela.text
 *(.rela.text)
 *(.rela.text.*)
 *(.rela.gnu.linkonce.t*)

.rel.fini
 *(.rel.fini)

.rela.fini
 *(.rela.fini)

.rel.rodata
 *(.rel.rodata)
 *(.rel.rodata.*)
 *(.rel.gnu.linkonce.r*)

.rela.rodata
 *(.rela.rodata)
 *(.rela.rodata.*)
 *(.rela.gnu.linkonce.r*)

.rel.data
 *(.rel.data)
 *(.rel.data.*)
 *(.rel.gnu.linkonce.d*)

.rela.data
 *(.rela.data)
 *(.rela.data.*)
 *(.rela.gnu.linkonce.d*)

.rel.ctors
 *(.rel.ctors)

.rela.ctors
 *(.rela.ctors)

.rel.dtors
 *(.rel.dtors)

.rela.dtors
 *(.rela.dtors)

.rel.got
 *(.rel.got)

.rela.got
 *(.rela.got)

.rel.bss
 *(.rel.bss)

.rela.bss
 *(.rela.bss)

.rel.plt
 *(.rel.plt)

.rela.plt
 *(.rela.plt)

.text           0x00000000     0x2b3e
 *(.vectors)
 .vectors       0x00000000       0x54 e:/courses/embedded system/imt/01- imt sdk-20221125t015400z-001/01- imt sdk/imt_sdk_win_64/imt_sdk_win_64/winavr/bin/../lib/gcc/avr/4.3.3/../../../../avr/lib/avr5/crtm32.o
                0x00000000                __vectors
                0x00000000                __vector_default
 *(.vectors)
 *(.progmem.gcc*)
 *(.progmem*)
                0x00000054                . = ALIGN (0x2)
                0x00000054                __trampolines_start = .
 *(.trampolines)
 .trampolines   0x00000054        0x0 linker stubs
 *(.trampolines*)
                0x00000054                __trampolines_end = .
 *(.jumptables)
 *(.jumptables*)
 *(.lowtext)
 *(.lowtext*)
                0x00000054                __ctors_start = .
 *(.ctors)
                0x00000054                __ctors_end = .
                0x00000054                __dtors_start = .
 *(.dtors)
                0x00000054                __dtors_end = .
 SORT(*)(.ctors)
 SORT(*)(.dtors)
 *(.init0)
 .init0         0x00000054        0x0 e:/courses/embedded system/imt/01- imt sdk-20221125t015400z-001/01- imt sdk/imt_sdk_win_64/imt_sdk_win_64/winavr/bin/../lib/gcc/avr/4.3.3/../../../../avr/lib/avr5/crtm32.o
                0x00000054                __init
 *(.init0)
 *(.init1)
 *(.init1)
 *(.init2)
 .init2         0x00000054        0xc e:/courses/embedded system/imt/01- imt sdk-20221125t015400z-001/01- imt sdk/imt_sdk_win_64/imt_sdk_win_64/winavr/bin/../lib/gcc/avr/4.3.3/../../../../avr/lib/avr5/crtm32.o
 *(.init2)
 *(.init3)
 *(.init3)
 *(.init4)
 .init4         0x00000060       0x16 e:/courses/embedded system/imt/01- imt sdk-20221125t015400z-001/01- imt sdk/imt_sdk_win_64/imt_sdk_win_64/winavr/bin/../lib/gcc/avr/4.3.3/avr5\libgcc.a(_copy_data.o)
                0x00000060                __do_copy_data
 .init4         0x00000076       0x10 e:/courses/embedded system/imt/01- imt sdk-20221125t015400z-001/01- imt sdk/imt_sdk_win_64/imt_sdk_win_64/winavr/bin/../lib/gcc/avr/4.3.3/avr5\libgcc.a(_clear_bss.o)
                0x00000076                __do_clear_bss
 *(.init4)
 *(.init5)
 *(.init5)
 *(.init6)
 *(.init6)
 *(.init7)
 *(.init7)
 *(.init8)
 *(.init8)
 *(.init9)
 .init9         0x00000086        0x8 e:/courses/embedded system/imt/01- imt sdk-20221125t015400z-001/01- imt sdk/imt_sdk_win_64/imt_sdk_win_64/winavr/bin/../lib/gcc/avr/4.3.3/../../../../avr/lib/avr5/crtm32.o
 *(.init9)
 *(.text)
 .text          0x0000008e        0x4 e:/courses/embedded system/imt/01- imt sdk-20221125t015400z-001/01- imt sdk/imt_sdk_win_64/imt_sdk_win_64/winavr/bin/../lib/gcc/avr/4.3.3/../../../../avr/lib/avr5/crtm32.o
                0x0000008e                __vector_1
                0x0000008e                __vector_12
                0x0000008e                __bad_interrupt
                0x0000008e                __vector_3
                0x0000008e                __vector_13
                0x0000008e                __vector_17
                0x0000008e                __vector_19
                0x0000008e                __vector_7
                0x0000008e                __vector_4
                0x0000008e                __vector_9
                0x0000008e                __vector_2
                0x0000008e                __vector_15
                0x0000008e                __vector_8
                0x0000008e                __vector_14
                0x0000008e                __vector_16
                0x0000008e                __vector_18
                0x0000008e                __vector_20
 .text          0x00000092        0x0 ./MCAL/TIMER/TIMER_program.o
 .text          0x00000092        0x0 ./MCAL/PORT/PORT_program.o
 .text          0x00000092        0x0 ./MCAL/GIE/GIE_program.o
 .text          0x00000092        0x0 ./MCAL/DIO/DIO_program.o
 .text          0x00000092        0x0 ./HAL/KPD/KPD_program.o
 .text          0x00000092        0x0 ./HAL/CLCD/CLCD_program.o
 .text          0x00000092        0x0 ./HAL/CAR/CAR_program.o
 .text          0x00000092        0x0 ./APP/main.o
 .text          0x00000092        0x0 e:/courses/embedded system/imt/01- imt sdk-20221125t015400z-001/01- imt sdk/imt_sdk_win_64/imt_sdk_win_64/winavr/bin/../lib/gcc/avr/4.3.3/avr5\libgcc.a(_udivmodhi4.o)
 .text          0x00000092        0x0 e:/courses/embedded system/imt/01- imt sdk-20221125t015400z-001/01- imt sdk/imt_sdk_win_64/imt_sdk_win_64/winavr/bin/../lib/gcc/avr/4.3.3/avr5\libgcc.a(_exit.o)
 .text          0x00000092        0x0 e:/courses/embedded system/imt/01- imt sdk-20221125t015400z-001/01- imt sdk/imt_sdk_win_64/imt_sdk_win_64/winavr/bin/../lib/gcc/avr/4.3.3/avr5\libgcc.a(_copy_data.o)
 .text          0x00000092        0x0 e:/courses/embedded system/imt/01- imt sdk-20221125t015400z-001/01- imt sdk/imt_sdk_win_64/imt_sdk_win_64/winavr/bin/../lib/gcc/avr/4.3.3/avr5\libgcc.a(_clear_bss.o)
 .text          0x00000092       0x58 e:/courses/embedded system/imt/01- imt sdk-20221125t015400z-001/01- imt sdk/imt_sdk_win_64/imt_sdk_win_64/winavr/bin/../lib/gcc/avr/4.3.3/avr5\libgcc.a(_fixunssfsi.o)
                0x00000092                __fixunssfsi
 .text          0x000000ea      0x354 e:/courses/embedded system/imt/01- imt sdk-20221125t015400z-001/01- imt sdk/imt_sdk_win_64/imt_sdk_win_64/winavr/bin/../lib/gcc/avr/4.3.3/avr5\libgcc.a(_addsub_sf.o)
                0x00000382                __subsf3
                0x000003e4                __addsf3
 .text          0x0000043e      0x1f4 e:/courses/embedded system/imt/01- imt sdk-20221125t015400z-001/01- imt sdk/imt_sdk_win_64/imt_sdk_win_64/winavr/bin/../lib/gcc/avr/4.3.3/avr5\libgcc.a(_mul_sf.o)
                0x0000043e                __mulsf3
 .text          0x00000632      0x158 e:/courses/embedded system/imt/01- imt sdk-20221125t015400z-001/01- imt sdk/imt_sdk_win_64/imt_sdk_win_64/winavr/bin/../lib/gcc/avr/4.3.3/avr5\libgcc.a(_div_sf.o)
                0x00000632                __divsf3
 .text          0x0000078a       0x60 e:/courses/embedded system/imt/01- imt sdk-20221125t015400z-001/01- imt sdk/imt_sdk_win_64/imt_sdk_win_64/winavr/bin/../lib/gcc/avr/4.3.3/avr5\libgcc.a(_gt_sf.o)
                0x0000078a                __gtsf2
 .text          0x000007ea       0x60 e:/courses/embedded system/imt/01- imt sdk-20221125t015400z-001/01- imt sdk/imt_sdk_win_64/imt_sdk_win_64/winavr/bin/../lib/gcc/avr/4.3.3/avr5\libgcc.a(_ge_sf.o)
                0x000007ea                __gesf2
 .text          0x0000084a       0x60 e:/courses/embedded system/imt/01- imt sdk-20221125t015400z-001/01- imt sdk/imt_sdk_win_64/imt_sdk_win_64/winavr/bin/../lib/gcc/avr/4.3.3/avr5\libgcc.a(_lt_sf.o)
                0x0000084a                __ltsf2
 .text          0x000008aa       0xa8 e:/courses/embedded system/imt/01- imt sdk-20221125t015400z-001/01- imt sdk/imt_sdk_win_64/imt_sdk_win_64/winavr/bin/../lib/gcc/avr/4.3.3/avr5\libgcc.a(_sf_to_si.o)
                0x000008aa                __fixsfsi
 .text          0x00000952        0x0 e:/courses/embedded system/imt/01- imt sdk-20221125t015400z-001/01- imt sdk/imt_sdk_win_64/imt_sdk_win_64/winavr/bin/../lib/gcc/avr/4.3.3/avr5\libgcc.a(_thenan_sf.o)
 .text          0x00000952       0xf2 e:/courses/embedded system/imt/01- imt sdk-20221125t015400z-001/01- imt sdk/imt_sdk_win_64/imt_sdk_win_64/winavr/bin/../lib/gcc/avr/4.3.3/avr5\libgcc.a(_usi_to_sf.o)
                0x00000952                __floatunsisf
 .text          0x00000a44        0x0 e:/courses/embedded system/imt/01- imt sdk-20221125t015400z-001/01- imt sdk/imt_sdk_win_64/imt_sdk_win_64/winavr/bin/../lib/gcc/avr/4.3.3/avr5\libgcc.a(_prologue.o)
 .text          0x00000a44        0x0 e:/courses/embedded system/imt/01- imt sdk-20221125t015400z-001/01- imt sdk/imt_sdk_win_64/imt_sdk_win_64/winavr/bin/../lib/gcc/avr/4.3.3/avr5\libgcc.a(_epilogue.o)
 .text          0x00000a44       0x9e e:/courses/embedded system/imt/01- imt sdk-20221125t015400z-001/01- imt sdk/imt_sdk_win_64/imt_sdk_win_64/winavr/bin/../lib/gcc/avr/4.3.3/avr5\libgcc.a(_clzsi2.o)
                0x00000a44                __clzsi2
 .text          0x00000ae2      0x1aa e:/courses/embedded system/imt/01- imt sdk-20221125t015400z-001/01- imt sdk/imt_sdk_win_64/imt_sdk_win_64/winavr/bin/../lib/gcc/avr/4.3.3/avr5\libgcc.a(_pack_sf.o)
                0x00000ae2                __pack_f
 .text          0x00000c8c       0xf0 e:/courses/embedded system/imt/01- imt sdk-20221125t015400z-001/01- imt sdk/imt_sdk_win_64/imt_sdk_win_64/winavr/bin/../lib/gcc/avr/4.3.3/avr5\libgcc.a(_unpack_sf.o)
                0x00000c8c                __unpack_f
 .text          0x00000d7c       0xb2 e:/courses/embedded system/imt/01- imt sdk-20221125t015400z-001/01- imt sdk/imt_sdk_win_64/imt_sdk_win_64/winavr/bin/../lib/gcc/avr/4.3.3/avr5\libgcc.a(_fpcmp_parts_sf.o)
                0x00000d7c                __fpcmp_parts_f
 .text          0x00000e2e        0x0 e:/courses/embedded system/imt/01- imt sdk-20221125t015400z-001/01- imt sdk/imt_sdk_win_64/imt_sdk_win_64/winavr/bin/../lib/gcc/avr/4.3.3/avr5\libgcc.a(_clz.o)
                0x00000e2e                . = ALIGN (0x2)
 *(.text.*)
 .text.TIMER0_voidInt
                0x00000e2e       0x5c ./MCAL/TIMER/TIMER_program.o
                0x00000e2e                TIMER0_voidInt
 .text.TIMER0_u8OverflowSetCallBack
                0x00000e8a       0x3a ./MCAL/TIMER/TIMER_program.o
                0x00000e8a                TIMER0_u8OverflowSetCallBack
 .text.TIMER0_u8CompMatchSetCallBack
                0x00000ec4       0x3a ./MCAL/TIMER/TIMER_program.o
                0x00000ec4                TIMER0_u8CompMatchSetCallBack
 .text.TIMER0_voidSetPreload
                0x00000efe       0x1c ./MCAL/TIMER/TIMER_program.o
                0x00000efe                TIMER0_voidSetPreload
 .text.TIMER0_voidStopTimer0
                0x00000f1a       0x1a ./MCAL/TIMER/TIMER_program.o
                0x00000f1a                TIMER0_voidStopTimer0
 .text.TIMER2_voidInt
                0x00000f34       0x5c ./MCAL/TIMER/TIMER_program.o
                0x00000f34                TIMER2_voidInt
 .text.TIMER2_u8OverflowSetCallBack
                0x00000f90       0x3a ./MCAL/TIMER/TIMER_program.o
                0x00000f90                TIMER2_u8OverflowSetCallBack
 .text.TIMER2_u8CompMatchSetCallBack
                0x00000fca       0x3a ./MCAL/TIMER/TIMER_program.o
                0x00000fca                TIMER2_u8CompMatchSetCallBack
 .text.TIMER2_voidSetPreload
                0x00001004       0x1c ./MCAL/TIMER/TIMER_program.o
                0x00001004                TIMER2_voidSetPreload
 .text.TIMER2_voidStopTimer2
                0x00001020       0x1a ./MCAL/TIMER/TIMER_program.o
                0x00001020                TIMER2_voidStopTimer2
 .text.TIMER1_voidInt
                0x0000103a       0xa0 ./MCAL/TIMER/TIMER_program.o
                0x0000103a                TIMER1_voidInt
 .text.TIMER1_voidStop
                0x000010da       0x22 ./MCAL/TIMER/TIMER_program.o
                0x000010da                TIMER1_voidStop
 .text.TIMER1_voidSetChannelACompValue
                0x000010fc       0x24 ./MCAL/TIMER/TIMER_program.o
                0x000010fc                TIMER1_voidSetChannelACompValue
 .text.TIMER1_u16GetCompValue
                0x00001120       0x16 ./MCAL/TIMER/TIMER_program.o
                0x00001120                TIMER1_u16GetCompValue
 .text.TIMER1_voidSetPreloadValue
                0x00001136       0x24 ./MCAL/TIMER/TIMER_program.o
                0x00001136                TIMER1_voidSetPreloadValue
 .text.TIMER1_Readu16TimerValue
                0x0000115a       0x16 ./MCAL/TIMER/TIMER_program.o
                0x0000115a                TIMER1_Readu16TimerValue
 .text.ICU_voidInit
                0x00001170       0x9c ./MCAL/TIMER/TIMER_program.o
                0x00001170                ICU_voidInit
 .text.ICU_u8SetCallBack
                0x0000120c       0x3a ./MCAL/TIMER/TIMER_program.o
                0x0000120c                ICU_u8SetCallBack
 .text.ICU_u8SetTrigger
                0x00001246       0x62 ./MCAL/TIMER/TIMER_program.o
                0x00001246                ICU_u8SetTrigger
 .text.ICU_u16ReadInputCapture
                0x000012a8       0x16 ./MCAL/TIMER/TIMER_program.o
                0x000012a8                ICU_u16ReadInputCapture
 .text.ICU_voidInterruptDisable
                0x000012be       0x1c ./MCAL/TIMER/TIMER_program.o
                0x000012be                ICU_voidInterruptDisable
 .text.WDT_voidEnable
                0x000012da       0x1c ./MCAL/TIMER/TIMER_program.o
                0x000012da                WDT_voidEnable
 .text.WDT_voidDisable
                0x000012f6       0x22 ./MCAL/TIMER/TIMER_program.o
                0x000012f6                WDT_voidDisable
 .text.WDT_u8Sleep
                0x00001318       0x44 ./MCAL/TIMER/TIMER_program.o
                0x00001318                WDT_u8Sleep
 .text.__vector_5
                0x0000135c       0x84 ./MCAL/TIMER/TIMER_program.o
                0x0000135c                __vector_5
 .text.__vector_11
                0x000013e0       0x84 ./MCAL/TIMER/TIMER_program.o
                0x000013e0                __vector_11
 .text.__vector_10
                0x00001464       0x78 ./MCAL/TIMER/TIMER_program.o
                0x00001464                __vector_10
 .text.__vector_6
                0x000014dc       0x66 ./MCAL/TIMER/TIMER_program.o
                0x000014dc                __vector_6
 .text.PORT_voidInit
                0x00001542       0x4a ./MCAL/PORT/PORT_program.o
                0x00001542                PORT_voidInit
 .text.GIE_voidEnableGlobal
                0x0000158c       0x1c ./MCAL/GIE/GIE_program.o
                0x0000158c                GIE_voidEnableGlobal
 .text.GIE_voidDisableGlobal
                0x000015a8       0x1c ./MCAL/GIE/GIE_program.o
                0x000015a8                GIE_voidDisableGlobal
 .text.DIO_u8SetPinDirection
                0x000015c4      0x224 ./MCAL/DIO/DIO_program.o
                0x000015c4                DIO_u8SetPinDirection
 .text.DIO_u8SetPortDirection
                0x000017e8       0x90 ./MCAL/DIO/DIO_program.o
                0x000017e8                DIO_u8SetPortDirection
 .text.DIO_u8SetPinValue
                0x00001878      0x224 ./MCAL/DIO/DIO_program.o
                0x00001878                DIO_u8SetPinValue
 .text.DIO_u8SetPortValue
                0x00001a9c       0x90 ./MCAL/DIO/DIO_program.o
                0x00001a9c                DIO_u8SetPortValue
 .text.DIO_u8GetPinValue
                0x00001b2c      0x12a ./MCAL/DIO/DIO_program.o
                0x00001b2c                DIO_u8GetPinValue
 .text.KPD_u8GetPressedKey
                0x00001c56      0x186 ./HAL/KPD/KPD_program.o
                0x00001c56                KPD_u8GetPressedKey
 .text.CLCD_voidSendCommand
                0x00001ddc      0x13c ./HAL/CLCD/CLCD_program.o
                0x00001ddc                CLCD_voidSendCommand
 .text.CLCD_voidSendData
                0x00001f18      0x13c ./HAL/CLCD/CLCD_program.o
                0x00001f18                CLCD_voidSendData
 .text.CLCD_voidInit
                0x00002054      0x11c ./HAL/CLCD/CLCD_program.o
                0x00002054                CLCD_voidInit
 .text.CLCD_voidGoToXY
                0x00002170       0x44 ./HAL/CLCD/CLCD_program.o
                0x00002170                CLCD_voidGoToXY
 .text.CLCD_voidWriteSpecialCharacter
                0x000021b4       0x80 ./HAL/CLCD/CLCD_program.o
                0x000021b4                CLCD_voidWriteSpecialCharacter
 .text.CLCD_voidWriteString
                0x00002234       0x52 ./HAL/CLCD/CLCD_program.o
                0x00002234                CLCD_voidWriteString
 .text.ClCD_voidWriteInteger
                0x00002286       0xce ./HAL/CLCD/CLCD_program.o
                0x00002286                ClCD_voidWriteInteger
 .text.Car_voidMotorAdjustSpeed
                0x00002354       0x90 ./HAL/CAR/CAR_program.o
                0x00002354                Car_voidMotorAdjustSpeed
 .text.Car_voidMotorIncrementSpeed
                0x000023e4      0x152 ./HAL/CAR/CAR_program.o
                0x000023e4                Car_voidMotorIncrementSpeed
 .text.Car_voidMotorDecrementSpeed
                0x00002536       0x38 ./HAL/CAR/CAR_program.o
                0x00002536                Car_voidMotorDecrementSpeed
 .text.Car_voidMotorStop
                0x0000256e       0x12 ./HAL/CAR/CAR_program.o
                0x0000256e                Car_voidMotorStop
 .text.LED_voidInit
                0x00002580       0x36 ./HAL/CAR/CAR_program.o
                0x00002580                LED_voidInit
 .text.LED_voidRIGHT
                0x000025b6       0x36 ./HAL/CAR/CAR_program.o
                0x000025b6                LED_voidRIGHT
 .text.LED_voidLEFT
                0x000025ec       0x36 ./HAL/CAR/CAR_program.o
                0x000025ec                LED_voidLEFT
 .text.LED_voidCloseTraffic
                0x00002622       0x22 ./HAL/CAR/CAR_program.o
                0x00002622                LED_voidCloseTraffic
 .text.LED_voidFRONT
                0x00002644       0x30 ./HAL/CAR/CAR_program.o
                0x00002644                LED_voidFRONT
 .text.LED_voidBACK
                0x00002674       0x30 ./HAL/CAR/CAR_program.o
                0x00002674                LED_voidBACK
 .text.LED_voidControl
                0x000026a4       0x3e ./HAL/CAR/CAR_program.o
                0x000026a4                LED_voidControl
 .text.main     0x000026e2      0x38c ./APP/main.o
                0x000026e2                main
 .text.Toggling_voidTraffic
                0x00002a6e       0x1a ./APP/main.o
                0x00002a6e                Toggling_voidTraffic
 .text.Error_voidCommand
                0x00002a88       0x1c ./APP/main.o
                0x00002a88                Error_voidCommand
 .text.libgcc   0x00002aa4       0x28 e:/courses/embedded system/imt/01- imt sdk-20221125t015400z-001/01- imt sdk/imt_sdk_win_64/imt_sdk_win_64/winavr/bin/../lib/gcc/avr/4.3.3/avr5\libgcc.a(_udivmodhi4.o)
                0x00002aa4                __udivmodhi4
 .text.libgcc   0x00002acc        0x0 e:/courses/embedded system/imt/01- imt sdk-20221125t015400z-001/01- imt sdk/imt_sdk_win_64/imt_sdk_win_64/winavr/bin/../lib/gcc/avr/4.3.3/avr5\libgcc.a(_exit.o)
 .text.libgcc   0x00002acc        0x0 e:/courses/embedded system/imt/01- imt sdk-20221125t015400z-001/01- imt sdk/imt_sdk_win_64/imt_sdk_win_64/winavr/bin/../lib/gcc/avr/4.3.3/avr5\libgcc.a(_copy_data.o)
 .text.libgcc   0x00002acc        0x0 e:/courses/embedded system/imt/01- imt sdk-20221125t015400z-001/01- imt sdk/imt_sdk_win_64/imt_sdk_win_64/winavr/bin/../lib/gcc/avr/4.3.3/avr5\libgcc.a(_clear_bss.o)
 .text.libgcc   0x00002acc       0x38 e:/courses/embedded system/imt/01- imt sdk-20221125t015400z-001/01- imt sdk/imt_sdk_win_64/imt_sdk_win_64/winavr/bin/../lib/gcc/avr/4.3.3/avr5\libgcc.a(_prologue.o)
                0x00002acc                __prologue_saves__
 .text.libgcc   0x00002b04       0x36 e:/courses/embedded system/imt/01- imt sdk-20221125t015400z-001/01- imt sdk/imt_sdk_win_64/imt_sdk_win_64/winavr/bin/../lib/gcc/avr/4.3.3/avr5\libgcc.a(_epilogue.o)
                0x00002b04                __epilogue_restores__
                0x00002b3a                . = ALIGN (0x2)
 *(.fini9)
 .fini9         0x00002b3a        0x0 e:/courses/embedded system/imt/01- imt sdk-20221125t015400z-001/01- imt sdk/imt_sdk_win_64/imt_sdk_win_64/winavr/bin/../lib/gcc/avr/4.3.3/avr5\libgcc.a(_exit.o)
                0x00002b3a                exit
                0x00002b3a                _exit
 *(.fini9)
 *(.fini8)
 *(.fini8)
 *(.fini7)
 *(.fini7)
 *(.fini6)
 *(.fini6)
 *(.fini5)
 *(.fini5)
 *(.fini4)
 *(.fini4)
 *(.fini3)
 *(.fini3)
 *(.fini2)
 *(.fini2)
 *(.fini1)
 *(.fini1)
 *(.fini0)
 .fini0         0x00002b3a        0x4 e:/courses/embedded system/imt/01- imt sdk-20221125t015400z-001/01- imt sdk/imt_sdk_win_64/imt_sdk_win_64/winavr/bin/../lib/gcc/avr/4.3.3/avr5\libgcc.a(_exit.o)
 *(.fini0)
                0x00002b3e                _etext = .

.data           0x00800060      0x156 load address 0x00002b3e
                0x00800060                PROVIDE (__data_start, .)
 *(.data)
 .data          0x00800060        0x0 e:/courses/embedded system/imt/01- imt sdk-20221125t015400z-001/01- imt sdk/imt_sdk_win_64/imt_sdk_win_64/winavr/bin/../lib/gcc/avr/4.3.3/../../../../avr/lib/avr5/crtm32.o
 .data          0x00800060        0x0 ./MCAL/TIMER/TIMER_program.o
 .data          0x00800060        0x0 ./MCAL/PORT/PORT_program.o
 .data          0x00800060        0x0 ./MCAL/GIE/GIE_program.o
 .data          0x00800060        0x0 ./MCAL/DIO/DIO_program.o
 .data          0x00800060        0x0 ./HAL/KPD/KPD_program.o
 .data          0x00800060        0x0 ./HAL/CLCD/CLCD_program.o
 .data          0x00800060        0x4 ./HAL/CAR/CAR_program.o
 .data          0x00800064       0x39 ./APP/main.o
 .data          0x0080009d        0x0 e:/courses/embedded system/imt/01- imt sdk-20221125t015400z-001/01- imt sdk/imt_sdk_win_64/imt_sdk_win_64/winavr/bin/../lib/gcc/avr/4.3.3/avr5\libgcc.a(_udivmodhi4.o)
 .data          0x0080009d        0x0 e:/courses/embedded system/imt/01- imt sdk-20221125t015400z-001/01- imt sdk/imt_sdk_win_64/imt_sdk_win_64/winavr/bin/../lib/gcc/avr/4.3.3/avr5\libgcc.a(_exit.o)
 .data          0x0080009d        0x0 e:/courses/embedded system/imt/01- imt sdk-20221125t015400z-001/01- imt sdk/imt_sdk_win_64/imt_sdk_win_64/winavr/bin/../lib/gcc/avr/4.3.3/avr5\libgcc.a(_copy_data.o)
 .data          0x0080009d        0x0 e:/courses/embedded system/imt/01- imt sdk-20221125t015400z-001/01- imt sdk/imt_sdk_win_64/imt_sdk_win_64/winavr/bin/../lib/gcc/avr/4.3.3/avr5\libgcc.a(_clear_bss.o)
 .data          0x0080009d        0x0 e:/courses/embedded system/imt/01- imt sdk-20221125t015400z-001/01- imt sdk/imt_sdk_win_64/imt_sdk_win_64/winavr/bin/../lib/gcc/avr/4.3.3/avr5\libgcc.a(_fixunssfsi.o)
 .data          0x0080009d        0x0 e:/courses/embedded system/imt/01- imt sdk-20221125t015400z-001/01- imt sdk/imt_sdk_win_64/imt_sdk_win_64/winavr/bin/../lib/gcc/avr/4.3.3/avr5\libgcc.a(_addsub_sf.o)
 .data          0x0080009d        0x0 e:/courses/embedded system/imt/01- imt sdk-20221125t015400z-001/01- imt sdk/imt_sdk_win_64/imt_sdk_win_64/winavr/bin/../lib/gcc/avr/4.3.3/avr5\libgcc.a(_mul_sf.o)
 .data          0x0080009d        0x0 e:/courses/embedded system/imt/01- imt sdk-20221125t015400z-001/01- imt sdk/imt_sdk_win_64/imt_sdk_win_64/winavr/bin/../lib/gcc/avr/4.3.3/avr5\libgcc.a(_div_sf.o)
 .data          0x0080009d        0x0 e:/courses/embedded system/imt/01- imt sdk-20221125t015400z-001/01- imt sdk/imt_sdk_win_64/imt_sdk_win_64/winavr/bin/../lib/gcc/avr/4.3.3/avr5\libgcc.a(_gt_sf.o)
 .data          0x0080009d        0x0 e:/courses/embedded system/imt/01- imt sdk-20221125t015400z-001/01- imt sdk/imt_sdk_win_64/imt_sdk_win_64/winavr/bin/../lib/gcc/avr/4.3.3/avr5\libgcc.a(_ge_sf.o)
 .data          0x0080009d        0x0 e:/courses/embedded system/imt/01- imt sdk-20221125t015400z-001/01- imt sdk/imt_sdk_win_64/imt_sdk_win_64/winavr/bin/../lib/gcc/avr/4.3.3/avr5\libgcc.a(_lt_sf.o)
 .data          0x0080009d        0x0 e:/courses/embedded system/imt/01- imt sdk-20221125t015400z-001/01- imt sdk/imt_sdk_win_64/imt_sdk_win_64/winavr/bin/../lib/gcc/avr/4.3.3/avr5\libgcc.a(_sf_to_si.o)
 .data          0x0080009d        0x8 e:/courses/embedded system/imt/01- imt sdk-20221125t015400z-001/01- imt sdk/imt_sdk_win_64/imt_sdk_win_64/winavr/bin/../lib/gcc/avr/4.3.3/avr5\libgcc.a(_thenan_sf.o)
                0x0080009d                __thenan_sf
 .data          0x008000a5        0x0 e:/courses/embedded system/imt/01- imt sdk-20221125t015400z-001/01- imt sdk/imt_sdk_win_64/imt_sdk_win_64/winavr/bin/../lib/gcc/avr/4.3.3/avr5\libgcc.a(_usi_to_sf.o)
 .data          0x008000a5        0x0 e:/courses/embedded system/imt/01- imt sdk-20221125t015400z-001/01- imt sdk/imt_sdk_win_64/imt_sdk_win_64/winavr/bin/../lib/gcc/avr/4.3.3/avr5\libgcc.a(_prologue.o)
 .data          0x008000a5        0x0 e:/courses/embedded system/imt/01- imt sdk-20221125t015400z-001/01- imt sdk/imt_sdk_win_64/imt_sdk_win_64/winavr/bin/../lib/gcc/avr/4.3.3/avr5\libgcc.a(_epilogue.o)
 .data          0x008000a5        0x0 e:/courses/embedded system/imt/01- imt sdk-20221125t015400z-001/01- imt sdk/imt_sdk_win_64/imt_sdk_win_64/winavr/bin/../lib/gcc/avr/4.3.3/avr5\libgcc.a(_clzsi2.o)
 .data          0x008000a5        0x0 e:/courses/embedded system/imt/01- imt sdk-20221125t015400z-001/01- imt sdk/imt_sdk_win_64/imt_sdk_win_64/winavr/bin/../lib/gcc/avr/4.3.3/avr5\libgcc.a(_pack_sf.o)
 .data          0x008000a5        0x0 e:/courses/embedded system/imt/01- imt sdk-20221125t015400z-001/01- imt sdk/imt_sdk_win_64/imt_sdk_win_64/winavr/bin/../lib/gcc/avr/4.3.3/avr5\libgcc.a(_unpack_sf.o)
 .data          0x008000a5        0x0 e:/courses/embedded system/imt/01- imt sdk-20221125t015400z-001/01- imt sdk/imt_sdk_win_64/imt_sdk_win_64/winavr/bin/../lib/gcc/avr/4.3.3/avr5\libgcc.a(_fpcmp_parts_sf.o)
 .data          0x008000a5      0x100 e:/courses/embedded system/imt/01- imt sdk-20221125t015400z-001/01- imt sdk/imt_sdk_win_64/imt_sdk_win_64/winavr/bin/../lib/gcc/avr/4.3.3/avr5\libgcc.a(_clz.o)
                0x008000a5                __clz_tab
 *(.data*)
 .data.Led_State
                0x008001a5        0x1 ./APP/main.o
                0x008001a5                Led_State
 *(.rodata)
 *(.rodata*)
 .rodata.C.0.1228
                0x008001a6       0x10 ./HAL/KPD/KPD_program.o
 *(.gnu.linkonce.d*)
                0x008001b6                . = ALIGN (0x2)
                0x008001b6                _edata = .
                0x008001b6                PROVIDE (__data_end, .)

.bss            0x008001b6       0x10
                0x008001b6                PROVIDE (__bss_start, .)
 *(.bss)
 .bss           0x008001b6        0x0 e:/courses/embedded system/imt/01- imt sdk-20221125t015400z-001/01- imt sdk/imt_sdk_win_64/imt_sdk_win_64/winavr/bin/../lib/gcc/avr/4.3.3/../../../../avr/lib/avr5/crtm32.o
 .bss           0x008001b6        0x0 ./MCAL/TIMER/TIMER_program.o
 .bss           0x008001b6        0x0 ./MCAL/PORT/PORT_program.o
 .bss           0x008001b6        0x0 ./MCAL/GIE/GIE_program.o
 .bss           0x008001b6        0x0 ./MCAL/DIO/DIO_program.o
 .bss           0x008001b6        0x0 ./HAL/KPD/KPD_program.o
 .bss           0x008001b6        0x0 ./HAL/CLCD/CLCD_program.o
 .bss           0x008001b6        0x0 ./HAL/CAR/CAR_program.o
 .bss           0x008001b6        0x0 ./APP/main.o
 .bss           0x008001b6        0x0 e:/courses/embedded system/imt/01- imt sdk-20221125t015400z-001/01- imt sdk/imt_sdk_win_64/imt_sdk_win_64/winavr/bin/../lib/gcc/avr/4.3.3/avr5\libgcc.a(_udivmodhi4.o)
 .bss           0x008001b6        0x0 e:/courses/embedded system/imt/01- imt sdk-20221125t015400z-001/01- imt sdk/imt_sdk_win_64/imt_sdk_win_64/winavr/bin/../lib/gcc/avr/4.3.3/avr5\libgcc.a(_exit.o)
 .bss           0x008001b6        0x0 e:/courses/embedded system/imt/01- imt sdk-20221125t015400z-001/01- imt sdk/imt_sdk_win_64/imt_sdk_win_64/winavr/bin/../lib/gcc/avr/4.3.3/avr5\libgcc.a(_copy_data.o)
 .bss           0x008001b6        0x0 e:/courses/embedded system/imt/01- imt sdk-20221125t015400z-001/01- imt sdk/imt_sdk_win_64/imt_sdk_win_64/winavr/bin/../lib/gcc/avr/4.3.3/avr5\libgcc.a(_clear_bss.o)
 .bss           0x008001b6        0x0 e:/courses/embedded system/imt/01- imt sdk-20221125t015400z-001/01- imt sdk/imt_sdk_win_64/imt_sdk_win_64/winavr/bin/../lib/gcc/avr/4.3.3/avr5\libgcc.a(_fixunssfsi.o)
 .bss           0x008001b6        0x0 e:/courses/embedded system/imt/01- imt sdk-20221125t015400z-001/01- imt sdk/imt_sdk_win_64/imt_sdk_win_64/winavr/bin/../lib/gcc/avr/4.3.3/avr5\libgcc.a(_addsub_sf.o)
 .bss           0x008001b6        0x0 e:/courses/embedded system/imt/01- imt sdk-20221125t015400z-001/01- imt sdk/imt_sdk_win_64/imt_sdk_win_64/winavr/bin/../lib/gcc/avr/4.3.3/avr5\libgcc.a(_mul_sf.o)
 .bss           0x008001b6        0x0 e:/courses/embedded system/imt/01- imt sdk-20221125t015400z-001/01- imt sdk/imt_sdk_win_64/imt_sdk_win_64/winavr/bin/../lib/gcc/avr/4.3.3/avr5\libgcc.a(_div_sf.o)
 .bss           0x008001b6        0x0 e:/courses/embedded system/imt/01- imt sdk-20221125t015400z-001/01- imt sdk/imt_sdk_win_64/imt_sdk_win_64/winavr/bin/../lib/gcc/avr/4.3.3/avr5\libgcc.a(_gt_sf.o)
 .bss           0x008001b6        0x0 e:/courses/embedded system/imt/01- imt sdk-20221125t015400z-001/01- imt sdk/imt_sdk_win_64/imt_sdk_win_64/winavr/bin/../lib/gcc/avr/4.3.3/avr5\libgcc.a(_ge_sf.o)
 .bss           0x008001b6        0x0 e:/courses/embedded system/imt/01- imt sdk-20221125t015400z-001/01- imt sdk/imt_sdk_win_64/imt_sdk_win_64/winavr/bin/../lib/gcc/avr/4.3.3/avr5\libgcc.a(_lt_sf.o)
 .bss           0x008001b6        0x0 e:/courses/embedded system/imt/01- imt sdk-20221125t015400z-001/01- imt sdk/imt_sdk_win_64/imt_sdk_win_64/winavr/bin/../lib/gcc/avr/4.3.3/avr5\libgcc.a(_sf_to_si.o)
 .bss           0x008001b6        0x0 e:/courses/embedded system/imt/01- imt sdk-20221125t015400z-001/01- imt sdk/imt_sdk_win_64/imt_sdk_win_64/winavr/bin/../lib/gcc/avr/4.3.3/avr5\libgcc.a(_thenan_sf.o)
 .bss           0x008001b6        0x0 e:/courses/embedded system/imt/01- imt sdk-20221125t015400z-001/01- imt sdk/imt_sdk_win_64/imt_sdk_win_64/winavr/bin/../lib/gcc/avr/4.3.3/avr5\libgcc.a(_usi_to_sf.o)
 .bss           0x008001b6        0x0 e:/courses/embedded system/imt/01- imt sdk-20221125t015400z-001/01- imt sdk/imt_sdk_win_64/imt_sdk_win_64/winavr/bin/../lib/gcc/avr/4.3.3/avr5\libgcc.a(_prologue.o)
 .bss           0x008001b6        0x0 e:/courses/embedded system/imt/01- imt sdk-20221125t015400z-001/01- imt sdk/imt_sdk_win_64/imt_sdk_win_64/winavr/bin/../lib/gcc/avr/4.3.3/avr5\libgcc.a(_epilogue.o)
 .bss           0x008001b6        0x0 e:/courses/embedded system/imt/01- imt sdk-20221125t015400z-001/01- imt sdk/imt_sdk_win_64/imt_sdk_win_64/winavr/bin/../lib/gcc/avr/4.3.3/avr5\libgcc.a(_clzsi2.o)
 .bss           0x008001b6        0x0 e:/courses/embedded system/imt/01- imt sdk-20221125t015400z-001/01- imt sdk/imt_sdk_win_64/imt_sdk_win_64/winavr/bin/../lib/gcc/avr/4.3.3/avr5\libgcc.a(_pack_sf.o)
 .bss           0x008001b6        0x0 e:/courses/embedded system/imt/01- imt sdk-20221125t015400z-001/01- imt sdk/imt_sdk_win_64/imt_sdk_win_64/winavr/bin/../lib/gcc/avr/4.3.3/avr5\libgcc.a(_unpack_sf.o)
 .bss           0x008001b6        0x0 e:/courses/embedded system/imt/01- imt sdk-20221125t015400z-001/01- imt sdk/imt_sdk_win_64/imt_sdk_win_64/winavr/bin/../lib/gcc/avr/4.3.3/avr5\libgcc.a(_fpcmp_parts_sf.o)
 .bss           0x008001b6        0x0 e:/courses/embedded system/imt/01- imt sdk-20221125t015400z-001/01- imt sdk/imt_sdk_win_64/imt_sdk_win_64/winavr/bin/../lib/gcc/avr/4.3.3/avr5\libgcc.a(_clz.o)
 *(.bss*)
 .bss.TIMER0_pvOverflowCallBackFunc
                0x008001b6        0x2 ./MCAL/TIMER/TIMER_program.o
 .bss.TIMER0_pvCompMatchCallBackFunc
                0x008001b8        0x2 ./MCAL/TIMER/TIMER_program.o
 .bss.TIMER2_pvOverflowCallBackFunc
                0x008001ba        0x2 ./MCAL/TIMER/TIMER_program.o
 .bss.TIMER2_pvCompMatchCallBackFunc
                0x008001bc        0x2 ./MCAL/TIMER/TIMER_program.o
 .bss.ICU_pvCallBackFunc
                0x008001be        0x2 ./MCAL/TIMER/TIMER_program.o
 .bss.Local_u8Counter.1543
                0x008001c0        0x1 ./MCAL/TIMER/TIMER_program.o
 .bss.Local_u8Counter.1559
                0x008001c1        0x1 ./MCAL/TIMER/TIMER_program.o
 .bss.Local_u8Counter.1575
                0x008001c2        0x1 ./MCAL/TIMER/TIMER_program.o
 .bss.ErrorFlag
                0x008001c3        0x1 ./APP/main.o
                0x008001c3                ErrorFlag
 .bss.LedRightFlag
                0x008001c4        0x1 ./APP/main.o
                0x008001c4                LedRightFlag
 .bss.LedLeftFlag
                0x008001c5        0x1 ./APP/main.o
                0x008001c5                LedLeftFlag
 *(COMMON)
                0x008001c6                PROVIDE (__bss_end, .)
                0x00002b3e                __data_load_start = LOADADDR (.data)
                0x00002c94                __data_load_end = (__data_load_start + SIZEOF (.data))

.noinit         0x008001c6        0x0
                0x008001c6                PROVIDE (__noinit_start, .)
 *(.noinit*)
                0x008001c6                PROVIDE (__noinit_end, .)
                0x008001c6                _end = .
                0x008001c6                PROVIDE (__heap_start, .)

.eeprom         0x00810000        0x0
 *(.eeprom*)
                0x00810000                __eeprom_end = .

.fuse
 *(.fuse)
 *(.lfuse)
 *(.hfuse)
 *(.efuse)

.lock
 *(.lock*)

.signature
 *(.signature*)

.stab           0x00000000     0x30e4
 *(.stab)
 .stab          0x00000000      0xcc0 ./MCAL/TIMER/TIMER_program.o
 .stab          0x00000cc0      0x1f8 ./MCAL/PORT/PORT_program.o
                                0x204 (size before relaxing)
 .stab          0x00000eb8      0x1d4 ./MCAL/GIE/GIE_program.o
                                0x1e0 (size before relaxing)
 .stab          0x0000108c      0x66c ./MCAL/DIO/DIO_program.o
                                0x678 (size before relaxing)
 .stab          0x000016f8      0x2dc ./HAL/KPD/KPD_program.o
                                0x2e8 (size before relaxing)
 .stab          0x000019d4      0x924 ./HAL/CLCD/CLCD_program.o
                                0x930 (size before relaxing)
 .stab          0x000022f8      0x6b4 ./HAL/CAR/CAR_program.o
                                0x84c (size before relaxing)
 .stab          0x000029ac      0x738 ./APP/main.o
                                0x744 (size before relaxing)

.stabstr        0x00000000     0x15b4
 *(.stabstr)
 .stabstr       0x00000000     0x15b4 ./MCAL/TIMER/TIMER_program.o

.stab.excl
 *(.stab.excl)

.stab.exclstr
 *(.stab.exclstr)

.stab.index
 *(.stab.index)

.stab.indexstr
 *(.stab.indexstr)

.comment
 *(.comment)

.debug
 *(.debug)

.line
 *(.line)

.debug_srcinfo
 *(.debug_srcinfo)

.debug_sfnames
 *(.debug_sfnames)

.debug_aranges  0x00000000      0x1a0
 *(.debug_aranges)
 .debug_aranges
                0x00000000       0x20 e:/courses/embedded system/imt/01- imt sdk-20221125t015400z-001/01- imt sdk/imt_sdk_win_64/imt_sdk_win_64/winavr/bin/../lib/gcc/avr/4.3.3/avr5\libgcc.a(_fixunssfsi.o)
 .debug_aranges
                0x00000020       0x20 e:/courses/embedded system/imt/01- imt sdk-20221125t015400z-001/01- imt sdk/imt_sdk_win_64/imt_sdk_win_64/winavr/bin/../lib/gcc/avr/4.3.3/avr5\libgcc.a(_addsub_sf.o)
 .debug_aranges
                0x00000040       0x20 e:/courses/embedded system/imt/01- imt sdk-20221125t015400z-001/01- imt sdk/imt_sdk_win_64/imt_sdk_win_64/winavr/bin/../lib/gcc/avr/4.3.3/avr5\libgcc.a(_mul_sf.o)
 .debug_aranges
                0x00000060       0x20 e:/courses/embedded system/imt/01- imt sdk-20221125t015400z-001/01- imt sdk/imt_sdk_win_64/imt_sdk_win_64/winavr/bin/../lib/gcc/avr/4.3.3/avr5\libgcc.a(_div_sf.o)
 .debug_aranges
                0x00000080       0x20 e:/courses/embedded system/imt/01- imt sdk-20221125t015400z-001/01- imt sdk/imt_sdk_win_64/imt_sdk_win_64/winavr/bin/../lib/gcc/avr/4.3.3/avr5\libgcc.a(_gt_sf.o)
 .debug_aranges
                0x000000a0       0x20 e:/courses/embedded system/imt/01- imt sdk-20221125t015400z-001/01- imt sdk/imt_sdk_win_64/imt_sdk_win_64/winavr/bin/../lib/gcc/avr/4.3.3/avr5\libgcc.a(_ge_sf.o)
 .debug_aranges
                0x000000c0       0x20 e:/courses/embedded system/imt/01- imt sdk-20221125t015400z-001/01- imt sdk/imt_sdk_win_64/imt_sdk_win_64/winavr/bin/../lib/gcc/avr/4.3.3/avr5\libgcc.a(_lt_sf.o)
 .debug_aranges
                0x000000e0       0x20 e:/courses/embedded system/imt/01- imt sdk-20221125t015400z-001/01- imt sdk/imt_sdk_win_64/imt_sdk_win_64/winavr/bin/../lib/gcc/avr/4.3.3/avr5\libgcc.a(_sf_to_si.o)
 .debug_aranges
                0x00000100       0x20 e:/courses/embedded system/imt/01- imt sdk-20221125t015400z-001/01- imt sdk/imt_sdk_win_64/imt_sdk_win_64/winavr/bin/../lib/gcc/avr/4.3.3/avr5\libgcc.a(_usi_to_sf.o)
 .debug_aranges
                0x00000120       0x20 e:/courses/embedded system/imt/01- imt sdk-20221125t015400z-001/01- imt sdk/imt_sdk_win_64/imt_sdk_win_64/winavr/bin/../lib/gcc/avr/4.3.3/avr5\libgcc.a(_clzsi2.o)
 .debug_aranges
                0x00000140       0x20 e:/courses/embedded system/imt/01- imt sdk-20221125t015400z-001/01- imt sdk/imt_sdk_win_64/imt_sdk_win_64/winavr/bin/../lib/gcc/avr/4.3.3/avr5\libgcc.a(_pack_sf.o)
 .debug_aranges
                0x00000160       0x20 e:/courses/embedded system/imt/01- imt sdk-20221125t015400z-001/01- imt sdk/imt_sdk_win_64/imt_sdk_win_64/winavr/bin/../lib/gcc/avr/4.3.3/avr5\libgcc.a(_unpack_sf.o)
 .debug_aranges
                0x00000180       0x20 e:/courses/embedded system/imt/01- imt sdk-20221125t015400z-001/01- imt sdk/imt_sdk_win_64/imt_sdk_win_64/winavr/bin/../lib/gcc/avr/4.3.3/avr5\libgcc.a(_fpcmp_parts_sf.o)

.debug_pubnames
                0x00000000      0x1f2
 *(.debug_pubnames)
 .debug_pubnames
                0x00000000       0x23 e:/courses/embedded system/imt/01- imt sdk-20221125t015400z-001/01- imt sdk/imt_sdk_win_64/imt_sdk_win_64/winavr/bin/../lib/gcc/avr/4.3.3/avr5\libgcc.a(_fixunssfsi.o)
 .debug_pubnames
                0x00000023       0x2c e:/courses/embedded system/imt/01- imt sdk-20221125t015400z-001/01- imt sdk/imt_sdk_win_64/imt_sdk_win_64/winavr/bin/../lib/gcc/avr/4.3.3/avr5\libgcc.a(_addsub_sf.o)
 .debug_pubnames
                0x0000004f       0x1f e:/courses/embedded system/imt/01- imt sdk-20221125t015400z-001/01- imt sdk/imt_sdk_win_64/imt_sdk_win_64/winavr/bin/../lib/gcc/avr/4.3.3/avr5\libgcc.a(_mul_sf.o)
 .debug_pubnames
                0x0000006e       0x1f e:/courses/embedded system/imt/01- imt sdk-20221125t015400z-001/01- imt sdk/imt_sdk_win_64/imt_sdk_win_64/winavr/bin/../lib/gcc/avr/4.3.3/avr5\libgcc.a(_div_sf.o)
 .debug_pubnames
                0x0000008d       0x1e e:/courses/embedded system/imt/01- imt sdk-20221125t015400z-001/01- imt sdk/imt_sdk_win_64/imt_sdk_win_64/winavr/bin/../lib/gcc/avr/4.3.3/avr5\libgcc.a(_gt_sf.o)
 .debug_pubnames
                0x000000ab       0x1e e:/courses/embedded system/imt/01- imt sdk-20221125t015400z-001/01- imt sdk/imt_sdk_win_64/imt_sdk_win_64/winavr/bin/../lib/gcc/avr/4.3.3/avr5\libgcc.a(_ge_sf.o)
 .debug_pubnames
                0x000000c9       0x1e e:/courses/embedded system/imt/01- imt sdk-20221125t015400z-001/01- imt sdk/imt_sdk_win_64/imt_sdk_win_64/winavr/bin/../lib/gcc/avr/4.3.3/avr5\libgcc.a(_lt_sf.o)
 .debug_pubnames
                0x000000e7       0x20 e:/courses/embedded system/imt/01- imt sdk-20221125t015400z-001/01- imt sdk/imt_sdk_win_64/imt_sdk_win_64/winavr/bin/../lib/gcc/avr/4.3.3/avr5\libgcc.a(_sf_to_si.o)
 .debug_pubnames
                0x00000107       0x22 e:/courses/embedded system/imt/01- imt sdk-20221125t015400z-001/01- imt sdk/imt_sdk_win_64/imt_sdk_win_64/winavr/bin/../lib/gcc/avr/4.3.3/avr5\libgcc.a(_thenan_sf.o)
 .debug_pubnames
                0x00000129       0x24 e:/courses/embedded system/imt/01- imt sdk-20221125t015400z-001/01- imt sdk/imt_sdk_win_64/imt_sdk_win_64/winavr/bin/../lib/gcc/avr/4.3.3/avr5\libgcc.a(_usi_to_sf.o)
 .debug_pubnames
                0x0000014d       0x1f e:/courses/embedded system/imt/01- imt sdk-20221125t015400z-001/01- imt sdk/imt_sdk_win_64/imt_sdk_win_64/winavr/bin/../lib/gcc/avr/4.3.3/avr5\libgcc.a(_clzsi2.o)
 .debug_pubnames
                0x0000016c       0x1f e:/courses/embedded system/imt/01- imt sdk-20221125t015400z-001/01- imt sdk/imt_sdk_win_64/imt_sdk_win_64/winavr/bin/../lib/gcc/avr/4.3.3/avr5\libgcc.a(_pack_sf.o)
 .debug_pubnames
                0x0000018b       0x21 e:/courses/embedded system/imt/01- imt sdk-20221125t015400z-001/01- imt sdk/imt_sdk_win_64/imt_sdk_win_64/winavr/bin/../lib/gcc/avr/4.3.3/avr5\libgcc.a(_unpack_sf.o)
 .debug_pubnames
                0x000001ac       0x26 e:/courses/embedded system/imt/01- imt sdk-20221125t015400z-001/01- imt sdk/imt_sdk_win_64/imt_sdk_win_64/winavr/bin/../lib/gcc/avr/4.3.3/avr5\libgcc.a(_fpcmp_parts_sf.o)
 .debug_pubnames
                0x000001d2       0x20 e:/courses/embedded system/imt/01- imt sdk-20221125t015400z-001/01- imt sdk/imt_sdk_win_64/imt_sdk_win_64/winavr/bin/../lib/gcc/avr/4.3.3/avr5\libgcc.a(_clz.o)

.debug_info     0x00000000     0x240b
 *(.debug_info)
 .debug_info    0x00000000       0xb1 e:/courses/embedded system/imt/01- imt sdk-20221125t015400z-001/01- imt sdk/imt_sdk_win_64/imt_sdk_win_64/winavr/bin/../lib/gcc/avr/4.3.3/avr5\libgcc.a(_fixunssfsi.o)
 .debug_info    0x000000b1      0x47a e:/courses/embedded system/imt/01- imt sdk-20221125t015400z-001/01- imt sdk/imt_sdk_win_64/imt_sdk_win_64/winavr/bin/../lib/gcc/avr/4.3.3/avr5\libgcc.a(_addsub_sf.o)
 .debug_info    0x0000052b      0x485 e:/courses/embedded system/imt/01- imt sdk-20221125t015400z-001/01- imt sdk/imt_sdk_win_64/imt_sdk_win_64/winavr/bin/../lib/gcc/avr/4.3.3/avr5\libgcc.a(_mul_sf.o)
 .debug_info    0x000009b0      0x3fc e:/courses/embedded system/imt/01- imt sdk-20221125t015400z-001/01- imt sdk/imt_sdk_win_64/imt_sdk_win_64/winavr/bin/../lib/gcc/avr/4.3.3/avr5\libgcc.a(_div_sf.o)
 .debug_info    0x00000dac      0x27f e:/courses/embedded system/imt/01- imt sdk-20221125t015400z-001/01- imt sdk/imt_sdk_win_64/imt_sdk_win_64/winavr/bin/../lib/gcc/avr/4.3.3/avr5\libgcc.a(_gt_sf.o)
 .debug_info    0x0000102b      0x27f e:/courses/embedded system/imt/01- imt sdk-20221125t015400z-001/01- imt sdk/imt_sdk_win_64/imt_sdk_win_64/winavr/bin/../lib/gcc/avr/4.3.3/avr5\libgcc.a(_ge_sf.o)
 .debug_info    0x000012aa      0x27f e:/courses/embedded system/imt/01- imt sdk-20221125t015400z-001/01- imt sdk/imt_sdk_win_64/imt_sdk_win_64/winavr/bin/../lib/gcc/avr/4.3.3/avr5\libgcc.a(_lt_sf.o)
 .debug_info    0x00001529      0x2b0 e:/courses/embedded system/imt/01- imt sdk-20221125t015400z-001/01- imt sdk/imt_sdk_win_64/imt_sdk_win_64/winavr/bin/../lib/gcc/avr/4.3.3/avr5\libgcc.a(_sf_to_si.o)
 .debug_info    0x000017d9      0x12c e:/courses/embedded system/imt/01- imt sdk-20221125t015400z-001/01- imt sdk/imt_sdk_win_64/imt_sdk_win_64/winavr/bin/../lib/gcc/avr/4.3.3/avr5\libgcc.a(_thenan_sf.o)
 .debug_info    0x00001905      0x206 e:/courses/embedded system/imt/01- imt sdk-20221125t015400z-001/01- imt sdk/imt_sdk_win_64/imt_sdk_win_64/winavr/bin/../lib/gcc/avr/4.3.3/avr5\libgcc.a(_usi_to_sf.o)
 .debug_info    0x00001b0b      0x117 e:/courses/embedded system/imt/01- imt sdk-20221125t015400z-001/01- imt sdk/imt_sdk_win_64/imt_sdk_win_64/winavr/bin/../lib/gcc/avr/4.3.3/avr5\libgcc.a(_clzsi2.o)
 .debug_info    0x00001c22      0x2df e:/courses/embedded system/imt/01- imt sdk-20221125t015400z-001/01- imt sdk/imt_sdk_win_64/imt_sdk_win_64/winavr/bin/../lib/gcc/avr/4.3.3/avr5\libgcc.a(_pack_sf.o)
 .debug_info    0x00001f01      0x251 e:/courses/embedded system/imt/01- imt sdk-20221125t015400z-001/01- imt sdk/imt_sdk_win_64/imt_sdk_win_64/winavr/bin/../lib/gcc/avr/4.3.3/avr5\libgcc.a(_unpack_sf.o)
 .debug_info    0x00002152      0x210 e:/courses/embedded system/imt/01- imt sdk-20221125t015400z-001/01- imt sdk/imt_sdk_win_64/imt_sdk_win_64/winavr/bin/../lib/gcc/avr/4.3.3/avr5\libgcc.a(_fpcmp_parts_sf.o)
 .debug_info    0x00002362       0xa9 e:/courses/embedded system/imt/01- imt sdk-20221125t015400z-001/01- imt sdk/imt_sdk_win_64/imt_sdk_win_64/winavr/bin/../lib/gcc/avr/4.3.3/avr5\libgcc.a(_clz.o)
 *(.gnu.linkonce.wi.*)

.debug_abbrev   0x00000000     0x1386
 *(.debug_abbrev)
 .debug_abbrev  0x00000000       0x5d e:/courses/embedded system/imt/01- imt sdk-20221125t015400z-001/01- imt sdk/imt_sdk_win_64/imt_sdk_win_64/winavr/bin/../lib/gcc/avr/4.3.3/avr5\libgcc.a(_fixunssfsi.o)
 .debug_abbrev  0x0000005d      0x1ea e:/courses/embedded system/imt/01- imt sdk-20221125t015400z-001/01- imt sdk/imt_sdk_win_64/imt_sdk_win_64/winavr/bin/../lib/gcc/avr/4.3.3/avr5\libgcc.a(_addsub_sf.o)
 .debug_abbrev  0x00000247      0x21b e:/courses/embedded system/imt/01- imt sdk-20221125t015400z-001/01- imt sdk/imt_sdk_win_64/imt_sdk_win_64/winavr/bin/../lib/gcc/avr/4.3.3/avr5\libgcc.a(_mul_sf.o)
 .debug_abbrev  0x00000462      0x216 e:/courses/embedded system/imt/01- imt sdk-20221125t015400z-001/01- imt sdk/imt_sdk_win_64/imt_sdk_win_64/winavr/bin/../lib/gcc/avr/4.3.3/avr5\libgcc.a(_div_sf.o)
 .debug_abbrev  0x00000678      0x15a e:/courses/embedded system/imt/01- imt sdk-20221125t015400z-001/01- imt sdk/imt_sdk_win_64/imt_sdk_win_64/winavr/bin/../lib/gcc/avr/4.3.3/avr5\libgcc.a(_gt_sf.o)
 .debug_abbrev  0x000007d2      0x15a e:/courses/embedded system/imt/01- imt sdk-20221125t015400z-001/01- imt sdk/imt_sdk_win_64/imt_sdk_win_64/winavr/bin/../lib/gcc/avr/4.3.3/avr5\libgcc.a(_ge_sf.o)
 .debug_abbrev  0x0000092c      0x15a e:/courses/embedded system/imt/01- imt sdk-20221125t015400z-001/01- imt sdk/imt_sdk_win_64/imt_sdk_win_64/winavr/bin/../lib/gcc/avr/4.3.3/avr5\libgcc.a(_lt_sf.o)
 .debug_abbrev  0x00000a86      0x17f e:/courses/embedded system/imt/01- imt sdk-20221125t015400z-001/01- imt sdk/imt_sdk_win_64/imt_sdk_win_64/winavr/bin/../lib/gcc/avr/4.3.3/avr5\libgcc.a(_sf_to_si.o)
 .debug_abbrev  0x00000c05       0xad e:/courses/embedded system/imt/01- imt sdk-20221125t015400z-001/01- imt sdk/imt_sdk_win_64/imt_sdk_win_64/winavr/bin/../lib/gcc/avr/4.3.3/avr5\libgcc.a(_thenan_sf.o)
 .debug_abbrev  0x00000cb2      0x157 e:/courses/embedded system/imt/01- imt sdk-20221125t015400z-001/01- imt sdk/imt_sdk_win_64/imt_sdk_win_64/winavr/bin/../lib/gcc/avr/4.3.3/avr5\libgcc.a(_usi_to_sf.o)
 .debug_abbrev  0x00000e09       0xc4 e:/courses/embedded system/imt/01- imt sdk-20221125t015400z-001/01- imt sdk/imt_sdk_win_64/imt_sdk_win_64/winavr/bin/../lib/gcc/avr/4.3.3/avr5\libgcc.a(_clzsi2.o)
 .debug_abbrev  0x00000ecd      0x1c0 e:/courses/embedded system/imt/01- imt sdk-20221125t015400z-001/01- imt sdk/imt_sdk_win_64/imt_sdk_win_64/winavr/bin/../lib/gcc/avr/4.3.3/avr5\libgcc.a(_pack_sf.o)
 .debug_abbrev  0x0000108d      0x154 e:/courses/embedded system/imt/01- imt sdk-20221125t015400z-001/01- imt sdk/imt_sdk_win_64/imt_sdk_win_64/winavr/bin/../lib/gcc/avr/4.3.3/avr5\libgcc.a(_unpack_sf.o)
 .debug_abbrev  0x000011e1      0x13b e:/courses/embedded system/imt/01- imt sdk-20221125t015400z-001/01- imt sdk/imt_sdk_win_64/imt_sdk_win_64/winavr/bin/../lib/gcc/avr/4.3.3/avr5\libgcc.a(_fpcmp_parts_sf.o)
 .debug_abbrev  0x0000131c       0x6a e:/courses/embedded system/imt/01- imt sdk-20221125t015400z-001/01- imt sdk/imt_sdk_win_64/imt_sdk_win_64/winavr/bin/../lib/gcc/avr/4.3.3/avr5\libgcc.a(_clz.o)

.debug_line     0x00000000     0x11d6
 *(.debug_line)
 .debug_line    0x00000000       0xa7 e:/courses/embedded system/imt/01- imt sdk-20221125t015400z-001/01- imt sdk/imt_sdk_win_64/imt_sdk_win_64/winavr/bin/../lib/gcc/avr/4.3.3/avr5\libgcc.a(_fixunssfsi.o)
 .debug_line    0x000000a7      0x2af e:/courses/embedded system/imt/01- imt sdk-20221125t015400z-001/01- imt sdk/imt_sdk_win_64/imt_sdk_win_64/winavr/bin/../lib/gcc/avr/4.3.3/avr5\libgcc.a(_addsub_sf.o)
 .debug_line    0x00000356      0x239 e:/courses/embedded system/imt/01- imt sdk-20221125t015400z-001/01- imt sdk/imt_sdk_win_64/imt_sdk_win_64/winavr/bin/../lib/gcc/avr/4.3.3/avr5\libgcc.a(_mul_sf.o)
 .debug_line    0x0000058f      0x1d5 e:/courses/embedded system/imt/01- imt sdk-20221125t015400z-001/01- imt sdk/imt_sdk_win_64/imt_sdk_win_64/winavr/bin/../lib/gcc/avr/4.3.3/avr5\libgcc.a(_div_sf.o)
 .debug_line    0x00000764       0xd3 e:/courses/embedded system/imt/01- imt sdk-20221125t015400z-001/01- imt sdk/imt_sdk_win_64/imt_sdk_win_64/winavr/bin/../lib/gcc/avr/4.3.3/avr5\libgcc.a(_gt_sf.o)
 .debug_line    0x00000837       0xd3 e:/courses/embedded system/imt/01- imt sdk-20221125t015400z-001/01- imt sdk/imt_sdk_win_64/imt_sdk_win_64/winavr/bin/../lib/gcc/avr/4.3.3/avr5\libgcc.a(_ge_sf.o)
 .debug_line    0x0000090a       0xd3 e:/courses/embedded system/imt/01- imt sdk-20221125t015400z-001/01- imt sdk/imt_sdk_win_64/imt_sdk_win_64/winavr/bin/../lib/gcc/avr/4.3.3/avr5\libgcc.a(_lt_sf.o)
 .debug_line    0x000009dd      0x109 e:/courses/embedded system/imt/01- imt sdk-20221125t015400z-001/01- imt sdk/imt_sdk_win_64/imt_sdk_win_64/winavr/bin/../lib/gcc/avr/4.3.3/avr5\libgcc.a(_sf_to_si.o)
 .debug_line    0x00000ae6       0x90 e:/courses/embedded system/imt/01- imt sdk-20221125t015400z-001/01- imt sdk/imt_sdk_win_64/imt_sdk_win_64/winavr/bin/../lib/gcc/avr/4.3.3/avr5\libgcc.a(_thenan_sf.o)
 .debug_line    0x00000b76      0x133 e:/courses/embedded system/imt/01- imt sdk-20221125t015400z-001/01- imt sdk/imt_sdk_win_64/imt_sdk_win_64/winavr/bin/../lib/gcc/avr/4.3.3/avr5\libgcc.a(_usi_to_sf.o)
 .debug_line    0x00000ca9       0xa5 e:/courses/embedded system/imt/01- imt sdk-20221125t015400z-001/01- imt sdk/imt_sdk_win_64/imt_sdk_win_64/winavr/bin/../lib/gcc/avr/4.3.3/avr5\libgcc.a(_clzsi2.o)
 .debug_line    0x00000d4e      0x18a e:/courses/embedded system/imt/01- imt sdk-20221125t015400z-001/01- imt sdk/imt_sdk_win_64/imt_sdk_win_64/winavr/bin/../lib/gcc/avr/4.3.3/avr5\libgcc.a(_pack_sf.o)
 .debug_line    0x00000ed8      0x14b e:/courses/embedded system/imt/01- imt sdk-20221125t015400z-001/01- imt sdk/imt_sdk_win_64/imt_sdk_win_64/winavr/bin/../lib/gcc/avr/4.3.3/avr5\libgcc.a(_unpack_sf.o)
 .debug_line    0x00001023      0x137 e:/courses/embedded system/imt/01- imt sdk-20221125t015400z-001/01- imt sdk/imt_sdk_win_64/imt_sdk_win_64/winavr/bin/../lib/gcc/avr/4.3.3/avr5\libgcc.a(_fpcmp_parts_sf.o)
 .debug_line    0x0000115a       0x7c e:/courses/embedded system/imt/01- imt sdk-20221125t015400z-001/01- imt sdk/imt_sdk_win_64/imt_sdk_win_64/winavr/bin/../lib/gcc/avr/4.3.3/avr5\libgcc.a(_clz.o)

.debug_frame    0x00000000      0x1c0
 *(.debug_frame)
 .debug_frame   0x00000000       0x20 e:/courses/embedded system/imt/01- imt sdk-20221125t015400z-001/01- imt sdk/imt_sdk_win_64/imt_sdk_win_64/winavr/bin/../lib/gcc/avr/4.3.3/avr5\libgcc.a(_fixunssfsi.o)
 .debug_frame   0x00000020       0x40 e:/courses/embedded system/imt/01- imt sdk-20221125t015400z-001/01- imt sdk/imt_sdk_win_64/imt_sdk_win_64/winavr/bin/../lib/gcc/avr/4.3.3/avr5\libgcc.a(_addsub_sf.o)
 .debug_frame   0x00000060       0x20 e:/courses/embedded system/imt/01- imt sdk-20221125t015400z-001/01- imt sdk/imt_sdk_win_64/imt_sdk_win_64/winavr/bin/../lib/gcc/avr/4.3.3/avr5\libgcc.a(_mul_sf.o)
 .debug_frame   0x00000080       0x20 e:/courses/embedded system/imt/01- imt sdk-20221125t015400z-001/01- imt sdk/imt_sdk_win_64/imt_sdk_win_64/winavr/bin/../lib/gcc/avr/4.3.3/avr5\libgcc.a(_div_sf.o)
 .debug_frame   0x000000a0       0x20 e:/courses/embedded system/imt/01- imt sdk-20221125t015400z-001/01- imt sdk/imt_sdk_win_64/imt_sdk_win_64/winavr/bin/../lib/gcc/avr/4.3.3/avr5\libgcc.a(_gt_sf.o)
 .debug_frame   0x000000c0       0x20 e:/courses/embedded system/imt/01- imt sdk-20221125t015400z-001/01- imt sdk/imt_sdk_win_64/imt_sdk_win_64/winavr/bin/../lib/gcc/avr/4.3.3/avr5\libgcc.a(_ge_sf.o)
 .debug_frame   0x000000e0       0x20 e:/courses/embedded system/imt/01- imt sdk-20221125t015400z-001/01- imt sdk/imt_sdk_win_64/imt_sdk_win_64/winavr/bin/../lib/gcc/avr/4.3.3/avr5\libgcc.a(_lt_sf.o)
 .debug_frame   0x00000100       0x20 e:/courses/embedded system/imt/01- imt sdk-20221125t015400z-001/01- imt sdk/imt_sdk_win_64/imt_sdk_win_64/winavr/bin/../lib/gcc/avr/4.3.3/avr5\libgcc.a(_sf_to_si.o)
 .debug_frame   0x00000120       0x20 e:/courses/embedded system/imt/01- imt sdk-20221125t015400z-001/01- imt sdk/imt_sdk_win_64/imt_sdk_win_64/winavr/bin/../lib/gcc/avr/4.3.3/avr5\libgcc.a(_usi_to_sf.o)
 .debug_frame   0x00000140       0x20 e:/courses/embedded system/imt/01- imt sdk-20221125t015400z-001/01- imt sdk/imt_sdk_win_64/imt_sdk_win_64/winavr/bin/../lib/gcc/avr/4.3.3/avr5\libgcc.a(_clzsi2.o)
 .debug_frame   0x00000160       0x20 e:/courses/embedded system/imt/01- imt sdk-20221125t015400z-001/01- imt sdk/imt_sdk_win_64/imt_sdk_win_64/winavr/bin/../lib/gcc/avr/4.3.3/avr5\libgcc.a(_pack_sf.o)
 .debug_frame   0x00000180       0x20 e:/courses/embedded system/imt/01- imt sdk-20221125t015400z-001/01- imt sdk/imt_sdk_win_64/imt_sdk_win_64/winavr/bin/../lib/gcc/avr/4.3.3/avr5\libgcc.a(_unpack_sf.o)
 .debug_frame   0x000001a0       0x20 e:/courses/embedded system/imt/01- imt sdk-20221125t015400z-001/01- imt sdk/imt_sdk_win_64/imt_sdk_win_64/winavr/bin/../lib/gcc/avr/4.3.3/avr5\libgcc.a(_fpcmp_parts_sf.o)

.debug_str      0x00000000      0x2f6
 *(.debug_str)
 .debug_str     0x00000000       0xbf e:/courses/embedded system/imt/01- imt sdk-20221125t015400z-001/01- imt sdk/imt_sdk_win_64/imt_sdk_win_64/winavr/bin/../lib/gcc/avr/4.3.3/avr5\libgcc.a(_fixunssfsi.o)
                                 0xfe (size before relaxing)
 .debug_str     0x000000bf      0x14d e:/courses/embedded system/imt/01- imt sdk-20221125t015400z-001/01- imt sdk/imt_sdk_win_64/imt_sdk_win_64/winavr/bin/../lib/gcc/avr/4.3.3/avr5\libgcc.a(_addsub_sf.o)
                                0x206 (size before relaxing)
 .debug_str     0x0000020c       0x27 e:/courses/embedded system/imt/01- imt sdk-20221125t015400z-001/01- imt sdk/imt_sdk_win_64/imt_sdk_win_64/winavr/bin/../lib/gcc/avr/4.3.3/avr5\libgcc.a(_mul_sf.o)
                                0x1bf (size before relaxing)
 .debug_str     0x00000233       0x35 e:/courses/embedded system/imt/01- imt sdk-20221125t015400z-001/01- imt sdk/imt_sdk_win_64/imt_sdk_win_64/winavr/bin/../lib/gcc/avr/4.3.3/avr5\libgcc.a(_div_sf.o)
                                0x1c8 (size before relaxing)
 .debug_str     0x00000268        0x8 e:/courses/embedded system/imt/01- imt sdk-20221125t015400z-001/01- imt sdk/imt_sdk_win_64/imt_sdk_win_64/winavr/bin/../lib/gcc/avr/4.3.3/avr5\libgcc.a(_gt_sf.o)
                                0x195 (size before relaxing)
 .debug_str     0x00000270        0x8 e:/courses/embedded system/imt/01- imt sdk-20221125t015400z-001/01- imt sdk/imt_sdk_win_64/imt_sdk_win_64/winavr/bin/../lib/gcc/avr/4.3.3/avr5\libgcc.a(_ge_sf.o)
                                0x195 (size before relaxing)
 .debug_str     0x00000278        0x8 e:/courses/embedded system/imt/01- imt sdk-20221125t015400z-001/01- imt sdk/imt_sdk_win_64/imt_sdk_win_64/winavr/bin/../lib/gcc/avr/4.3.3/avr5\libgcc.a(_lt_sf.o)
                                0x195 (size before relaxing)
 .debug_str     0x00000280        0xa e:/courses/embedded system/imt/01- imt sdk-20221125t015400z-001/01- imt sdk/imt_sdk_win_64/imt_sdk_win_64/winavr/bin/../lib/gcc/avr/4.3.3/avr5\libgcc.a(_sf_to_si.o)
                                0x19e (size before relaxing)
 .debug_str     0x00000000      0x103 e:/courses/embedded system/imt/01- imt sdk-20221125t015400z-001/01- imt sdk/imt_sdk_win_64/imt_sdk_win_64/winavr/bin/../lib/gcc/avr/4.3.3/avr5\libgcc.a(_thenan_sf.o)
 .debug_str     0x0000028a       0x21 e:/courses/embedded system/imt/01- imt sdk-20221125t015400z-001/01- imt sdk/imt_sdk_win_64/imt_sdk_win_64/winavr/bin/../lib/gcc/avr/4.3.3/avr5\libgcc.a(_usi_to_sf.o)
                                0x177 (size before relaxing)
 .debug_str     0x000002ab       0x20 e:/courses/embedded system/imt/01- imt sdk-20221125t015400z-001/01- imt sdk/imt_sdk_win_64/imt_sdk_win_64/winavr/bin/../lib/gcc/avr/4.3.3/avr5\libgcc.a(_clzsi2.o)
                                0x111 (size before relaxing)
 .debug_str     0x000002cb       0x10 e:/courses/embedded system/imt/01- imt sdk-20221125t015400z-001/01- imt sdk/imt_sdk_win_64/imt_sdk_win_64/winavr/bin/../lib/gcc/avr/4.3.3/avr5\libgcc.a(_pack_sf.o)
                                0x19d (size before relaxing)
 .debug_str     0x000002db        0xb e:/courses/embedded system/imt/01- imt sdk-20221125t015400z-001/01- imt sdk/imt_sdk_win_64/imt_sdk_win_64/winavr/bin/../lib/gcc/avr/4.3.3/avr5\libgcc.a(_unpack_sf.o)
                                0x17f (size before relaxing)
 .debug_str     0x000002e6       0x10 e:/courses/embedded system/imt/01- imt sdk-20221125t015400z-001/01- imt sdk/imt_sdk_win_64/imt_sdk_win_64/winavr/bin/../lib/gcc/avr/4.3.3/avr5\libgcc.a(_fpcmp_parts_sf.o)
                                0x163 (size before relaxing)
 .debug_str     0x00000000       0xf4 e:/courses/embedded system/imt/01- imt sdk-20221125t015400z-001/01- imt sdk/imt_sdk_win_64/imt_sdk_win_64/winavr/bin/../lib/gcc/avr/4.3.3/avr5\libgcc.a(_clz.o)

.debug_loc      0x00000000      0x96e
 *(.debug_loc)
 .debug_loc     0x00000000       0x34 e:/courses/embedded system/imt/01- imt sdk-20221125t015400z-001/01- imt sdk/imt_sdk_win_64/imt_sdk_win_64/winavr/bin/../lib/gcc/avr/4.3.3/avr5\libgcc.a(_fixunssfsi.o)
 .debug_loc     0x00000034      0x32a e:/courses/embedded system/imt/01- imt sdk-20221125t015400z-001/01- imt sdk/imt_sdk_win_64/imt_sdk_win_64/winavr/bin/../lib/gcc/avr/4.3.3/avr5\libgcc.a(_addsub_sf.o)
 .debug_loc     0x0000035e      0x104 e:/courses/embedded system/imt/01- imt sdk-20221125t015400z-001/01- imt sdk/imt_sdk_win_64/imt_sdk_win_64/winavr/bin/../lib/gcc/avr/4.3.3/avr5\libgcc.a(_mul_sf.o)
 .debug_loc     0x00000462       0xc0 e:/courses/embedded system/imt/01- imt sdk-20221125t015400z-001/01- imt sdk/imt_sdk_win_64/imt_sdk_win_64/winavr/bin/../lib/gcc/avr/4.3.3/avr5\libgcc.a(_div_sf.o)
 .debug_loc     0x00000522       0x3c e:/courses/embedded system/imt/01- imt sdk-20221125t015400z-001/01- imt sdk/imt_sdk_win_64/imt_sdk_win_64/winavr/bin/../lib/gcc/avr/4.3.3/avr5\libgcc.a(_gt_sf.o)
 .debug_loc     0x0000055e       0x3c e:/courses/embedded system/imt/01- imt sdk-20221125t015400z-001/01- imt sdk/imt_sdk_win_64/imt_sdk_win_64/winavr/bin/../lib/gcc/avr/4.3.3/avr5\libgcc.a(_ge_sf.o)
 .debug_loc     0x0000059a       0x3c e:/courses/embedded system/imt/01- imt sdk-20221125t015400z-001/01- imt sdk/imt_sdk_win_64/imt_sdk_win_64/winavr/bin/../lib/gcc/avr/4.3.3/avr5\libgcc.a(_lt_sf.o)
 .debug_loc     0x000005d6       0x7e e:/courses/embedded system/imt/01- imt sdk-20221125t015400z-001/01- imt sdk/imt_sdk_win_64/imt_sdk_win_64/winavr/bin/../lib/gcc/avr/4.3.3/avr5\libgcc.a(_sf_to_si.o)
 .debug_loc     0x00000654       0x4c e:/courses/embedded system/imt/01- imt sdk-20221125t015400z-001/01- imt sdk/imt_sdk_win_64/imt_sdk_win_64/winavr/bin/../lib/gcc/avr/4.3.3/avr5\libgcc.a(_usi_to_sf.o)
 .debug_loc     0x000006a0       0x94 e:/courses/embedded system/imt/01- imt sdk-20221125t015400z-001/01- imt sdk/imt_sdk_win_64/imt_sdk_win_64/winavr/bin/../lib/gcc/avr/4.3.3/avr5\libgcc.a(_clzsi2.o)
 .debug_loc     0x00000734      0x13e e:/courses/embedded system/imt/01- imt sdk-20221125t015400z-001/01- imt sdk/imt_sdk_win_64/imt_sdk_win_64/winavr/bin/../lib/gcc/avr/4.3.3/avr5\libgcc.a(_pack_sf.o)
 .debug_loc     0x00000872       0xac e:/courses/embedded system/imt/01- imt sdk-20221125t015400z-001/01- imt sdk/imt_sdk_win_64/imt_sdk_win_64/winavr/bin/../lib/gcc/avr/4.3.3/avr5\libgcc.a(_unpack_sf.o)
 .debug_loc     0x0000091e       0x50 e:/courses/embedded system/imt/01- imt sdk-20221125t015400z-001/01- imt sdk/imt_sdk_win_64/imt_sdk_win_64/winavr/bin/../lib/gcc/avr/4.3.3/avr5\libgcc.a(_fpcmp_parts_sf.o)

.debug_macinfo
 *(.debug_macinfo)
OUTPUT(Node1.elf elf32-avr)
LOAD linker stubs

.debug_ranges   0x00000000       0x50
 .debug_ranges  0x00000000       0x50 e:/courses/embedded system/imt/01- imt sdk-20221125t015400z-001/01- imt sdk/imt_sdk_win_64/imt_sdk_win_64/winavr/bin/../lib/gcc/avr/4.3.3/avr5\libgcc.a(_mul_sf.o)
